// Jest Snapshot v1, https://goo.gl/fbAQLP

exports[`Input Component renders correctly with default props 1`] = `
<View>
  <TextInput
    editable={true}
    onChangeText={[Function]}
    placeholder="Enter text"
    placeholderTextColor="#4F4F4F"
    style={
      [
        {
          "paddingVertical": 12,
        },
        {
          "backgroundColor": "#FFFFFF",
          "borderRadius": 24,
          "color": "#4F4F4F",
          "fontFamily": "Montserrat",
          "fontSize": 18,
          "paddingLeft": 40,
        },
        undefined,
      ]
    }
    value=""
  />
</View>
`;
